## Memory Management

- Tài liệu này sẽ hướng dẫn cách quản lý bộ nhớ RAM và cache.
- Ta sẽ bắt đầu với một vài tool đơn giản để hiển thị thông tin về memory như : `free -m`, `top` và `cat /proc/meminfo`.
- Sau đó ta sẽ tiếp tục với swap space, sử dụng các thuật ngữ như `swapping`, `paging` và `vartual memory`.
- Cuối cùng là về cách sử dụng `vmstat` để monitor swap usage.

### Displaying memory and cache

#### /proc/meminfo

- Hiển thị file `/proc/meminfo` sẽ cho một chút thông tin về memory :
    ```
    root@lab-ubuntu2004:~# cat /proc/meminfo | head
    MemTotal:        3982360 kB
    MemFree:         3216712 kB
    MemAvailable:    3490328 kB
    Buffers:           61844 kB
    Cached:           391384 kB
    SwapCached:            0 kB
    Active:           264372 kB
    Inactive:         250084 kB
    Active(anon):      66528 kB
    Inactive(anon):      156 kB
    ```

- Dòng đầu tiên chứa tổng dung lượng của RAM vật lý, dòng thứ 2 là dung lượng RAM còn trống. `Buffers` là RAM đã được sử dụng cho buffering file, `Cached` là dung lượng RAM được sử dụng làm cache và `SwapCached` là dung lượng của swap được sử dụng làm cache. File này cung cấp nhiều thông tin nhưng nó ở bên ngoài phạm vi căn bản mà ta đang quan tâm đến.

#### free

- Công cụ `free` có thể hiển thị các thông tin được cung cấp bởi `/proc/meminfo` với định dạng dễ đọc hơn. Ví dụ sử dụng option `-m` để hiển thị thông tin với đơn vị mebibytes.
    ```
    root@lab-ubuntu2004:~# free -m
                total        used        free      shared  buff/cache   available
    Mem:           3889         245        3107           1         535        3407
    Swap:          5719           0        5719
    ```

#### top

- Công cụ `top` thường được sử dụng để xem chỉ số tiêu thụ CPU, nhưng nó cũng hiển thị thông tin tiêu thụ memory (ấn phím m để chuyển đổi).

### Managing swap space

#### About swap space

- Khi OS cần nhiều memory hơn dung lượng RAM vật lý đang có, nó có thể sử dụng `swap space`. Swap space là một không gian trên hard disk có vai trò thay thế cho RAM vật lý khi máy thiếu RAM. Khi OS cần nhiều memory hơn dung lượng RAM khả dụng thì nó có thể trao đổi dữ liệu ít được sử dụng hơn từ RAM sang swap space trên disk.
- Swap space có thể là một file, một partition hoặc sự kết hợp của cả file và partition. Ta có thể xem swap space với lệnh `free` hoặc xem file `/proc/swaps`.
    ```
    [root@lab-centos7 ~]# free -h | grep -v Mem
                total        used        free      shared  buff/cache   available
    Swap:          2.0G          0B        2.0G
    [root@lab-centos7 ~]# cat /proc/swaps
    Filename                                Type            Size    Used    Priority
    /dev/dm-1                               partition       2097148 0       -2
    ```

#### creating a swap partition

- Ta có thể activate hoặc deactivate swap space với lệnh `swapon` và `swapoff`. Swap space mới có thể được tạo với lệnh `mkswap`. 
    ```
    root@RHELv4u4:~# fdisk -l 2> /dev/null | grep hda
    Disk /dev/hda: 536 MB, 536870912 bytes
    /dev/hda1               1        1040      524128+  83  Linux
    root@RHELv4u4:~# mkswap /dev/hda1
    Setting up swapspace version 1, size = 536702 kB
    root@RHELv4u4:~# swapon /dev/hda1
    ```

#### creating a swap file

- Bên dưới là một ví dụ về cách tạo một `swap file`.
    ```
    [root@lab-centos7 ~]# free -h
                total        used        free      shared  buff/cache   available
    Mem:           3.7G        207M        3.0G         11M        471M        3.3G
    Swap:            0B          0B          0B
    [root@lab-centos7 ~]# dd if=/dev/zero of=/testswapfile bs=1024 count=4096
    4096+0 records in
    4096+0 records out
    4194304 bytes (4.2 MB) copied, 0.0126603 s, 331 MB/s
    [root@lab-centos7 ~]# mkswap /testswapfile
    Setting up swapspace version 1, size = 4092 KiB
    no label, UUID=de2c90a0-8aca-4f2b-8d51-9b94077600e5
    [root@lab-centos7 ~]# swapon /testswapfile
    swapon: /testswapfile: insecure permissions 0644, 0600 suggested.
    [root@lab-centos7 ~]# cat /proc/swaps
    Filename                                Type            Size    Used    Priority
    /testswapfile                           file            4092    0       -2
    ```

#### swap space in /etc/fstab

- Thông thường thì những cấu hình swap này sẽ tự động mất khi reboot, nếu muốn nó trở nên vĩnh viễn thì hãy thêm vào file `/etc/fstab`. Các dòng trong fstab sẽ tương tự như sau.
    ```
    /testswapfile    swap       swap     defaults      0 0
    /dev/hda1         swap       swap     defaults      0 0
    ```

### Monitoring memory với vmstat

- Ta có thể tìm kiếm các thông tin về việc sử dụng `swap` với `vmstat`.
- Bên dưới là một ví dụ đơn giản, `vmstat` hiển thị thông tin với đơn vị megabytes
    ```
    [root@lab-centos7 ~]# vmstat -S m
    procs -----------memory---------- ---swap-- -----io---- -system-- ------cpu-----
    r  b   swpd   free   buff  cache   si   so    bi    bo   in   cs us sy id wa st
    1  0      0   3235      2    497    0    0    10     7   31   52  0  0 100  0  0
    ```

- Bên dưới là một ví dụ về `vmstat` khi root đang chạy lệnh `find /` (ở một terminal khác). Nó sẽ tạo ra rất nhiều disk i/o (bi và bo là disk blocks in và out).
    ```
    [root@lab-centos7 ~]# vmstat 2 100
    procs -----------memory---------- ---swap-- -----io---- -system-- ------cpu-----
    r  b   swpd   free   buff  cache   si   so    bi    bo   in   cs us sy id wa st
    3  0      0 3135688   2104 505864    0    0     9     7   31   52  0  0 100  0  0
    1  0      0 3131740   2104 506944    0    0  1016     0 1251  683  3 94  3  0  0
    1  0      0 3126712   2104 508280    0    0  1326    10 1248  808  2 93  5  0  0
    2  0      0 3122480   2104 509424    0    0  1036     0 1232  683  3 93  4  0  0
    3  0      0 3120264   2104 510032    0    0   618     0 1225  601  3 95  3  0  0
    0  0      0 3116264   2104 511536    0    0   482   640 1191  584  5 93  2  0  0
    2  0      0 3113072   2104 512416    0    0   766     0 1252  606  2 95  3  0  0
    0  0      0 3111080   2104 512800    0    0   598     0 1229  575  3 95  2  0  0
    0  0      0 3110520   2104 513024    0    0   186     0  250  211  1 14 86  0  0
    0  0      0 3112952   2104 513024    0    0     0  8127  240  161  0  7 93  0  0
    0  0      0 3112952   2104 513024    0    0     0     0   82  137  0  0 100  0  0
    0  0      0 3112952   2104 513024    0    0     0    32   88  146  0  0 100  0  0
    ```

- Bên dưới là một ví dụ khi ta sử dụng tool để ép memory vượt qua ngưỡng RAM vật lý. Bây giờ ta có thể nhìn thấy chỉ số sử dụng swap tăng lên.
    ```
    [tvhuyy@lab-centos7 ~]$ vmstat 2 10
    procs -----------memory---------- ---swap-- -----io---- -system-- ------cpu-----
    r  b   swpd   free   buff  cache   si   so    bi    bo   in   cs us sy id wa st
    4  1 1633280 173228      0  38420 4750 17333  5695 17393  598 1434  5 23 70  1  0
    2  1 441088 100580      0  35564 13894 195082 13906 195082 1880 1170  3 94  0  3  0
    1  0  74240 1070080      0  28312 8384 93110  8384 93110 1288  683  6 85  0  9  0
    1  0  74240 1478072      0  28512  128    0   326     0 1061  116  8 93  0  0  0
    1  0  74240 2159248      0  28500    0    0     0     0 1056  100  7 93  0  0  0
    1  0  74240 211076      0  28436    0    0     0     0 1046   94  7 93  0  0  0
    1  0  74240 332996      0  28468   12    0    28     0 1066   97  7 93  0  0  0
    1  0  74240 458168      0  28468    0    0     0     0 1067   97  7 93  0  0  0
    1  0  74240 1146640      0  29968  512 15576  1310 15576 1204  212  7 93  0  0  0
    1  0  74240 1704772      0  30012  128 19412   128 19412 1143  136  8 92  0  0  0
    ```